c:\users\dandi\desktop\trabajo archon\archon_2026_g5\archon_2026_g5\x64\debug\vc145.pdb
c:\users\dandi\desktop\trabajo archon\archon_2026_g5\archon_2026_g5\x64\debug\vc145.idb
c:\users\dandi\desktop\trabajo archon\archon_2026_g5\archon_2026_g5\x64\debug\tablero.obj
c:\users\dandi\desktop\trabajo archon\archon_2026_g5\archon_2026_g5\x64\debug\ranking.obj
c:\users\dandi\desktop\trabajo archon\archon_2026_g5\archon_2026_g5\x64\debug\proyectil.obj
c:\users\dandi\desktop\trabajo archon\archon_2026_g5\archon_2026_g5\x64\debug\menu.obj
c:\users\dandi\desktop\trabajo archon\archon_2026_g5\archon_2026_g5\x64\debug\juego.obj
c:\users\dandi\desktop\trabajo archon\archon_2026_g5\archon_2026_g5\x64\debug\batalla.obj
c:\users\dandi\desktop\trabajo archon\archon_2026_g5\archon_2026_g5\x64\debug\archon_2026_g5.obj
c:\users\dandi\desktop\trabajo archon\archon_2026_g5\x64\debug\archon_2026_g5.exe
c:\users\dandi\desktop\trabajo archon\archon_2026_g5\x64\debug\archon_2026_g5.pdb
c:\users\dandi\desktop\trabajo archon\archon_2026_g5\archon_2026_g5\x64\debug\archon_2026_g5.ilk
c:\users\dandi\desktop\trabajo archon\archon_2026_g5\archon_2026_g5\x64\debug\archon_2026_g5.tlog\cl.command.1.tlog
c:\users\dandi\desktop\trabajo archon\archon_2026_g5\archon_2026_g5\x64\debug\archon_2026_g5.tlog\cl.items.tlog
c:\users\dandi\desktop\trabajo archon\archon_2026_g5\archon_2026_g5\x64\debug\archon_2026_g5.tlog\cl.read.1.tlog
c:\users\dandi\desktop\trabajo archon\archon_2026_g5\archon_2026_g5\x64\debug\archon_2026_g5.tlog\cl.write.1.tlog
c:\users\dandi\desktop\trabajo archon\archon_2026_g5\archon_2026_g5\x64\debug\archon_2026_g5.tlog\link.command.1.tlog
c:\users\dandi\desktop\trabajo archon\archon_2026_g5\archon_2026_g5\x64\debug\archon_2026_g5.tlog\link.read.1.tlog
c:\users\dandi\desktop\trabajo archon\archon_2026_g5\archon_2026_g5\x64\debug\archon_2026_g5.tlog\link.secondary.1.tlog
c:\users\dandi\desktop\trabajo archon\archon_2026_g5\archon_2026_g5\x64\debug\archon_2026_g5.tlog\link.write.1.tlog
